Timing is on.
=== 0.5 target location check ===
 crims_edm_issuer | crims_mdm_issuer | crims_mdm_product | crims_mdm_counterparty | crims_mdm_benchmark | crims_mdm_calendar | crims_mdm_ca | crims_mdm_price 
------------------+------------------+-------------------+------------------------+---------------------+--------------------+--------------+-----------------
                  |                  |                   |                        |                     |                    |              | 
(1 row)

Time: 4.787 ms
=== 0.6 crims.mdm.party population ===
 total_rows | tenant_count 
------------+--------------
          0 |            0
(1 row)

Time: 6.640 ms
=== 0.6b crims.mdm table count (for baseline) ===
 crims_mdm_tables 
------------------
               83
(1 row)

Time: 9.849 ms
=== 0.6c crims schemas present ===
  nspname  
-----------
 cash_flow
 mdm
 orm
 public
 ref
 vend
 wlth
(7 rows)

Time: 5.200 ms
