Timing is on.
=== 0.5.7 crims.mdm full table list (83 tables) ===
           table_name           
--------------------------------
 attribute_def
 attribute_value
 audit_log
 business_day_convention
 change_request
 classification_scheme
 classification_scheme_map
 day_count_convention
 dq_issue
 dq_rule
 dq_score
 entity_relationship
 hierarchy
 hierarchy_closure
 issuer_change_request
 issuer_exception
 issuer_field_mapping
 issuer_golden_distribution
 issuer_golden_field
 issuer_golden_publication
 issuer_golden_record
 issuer_hierarchy_review
 issuer_hierarchy_rule
 issuer_identifier_authority
 issuer_match_candidate
 issuer_match_rule
 issuer_merge_log
 issuer_reconciliation
 issuer_reconciliation_result
 issuer_split_log
 issuer_steward
 issuer_survivorship_log
 issuer_survivorship_rule
 issuer_type_mapping
 mandate
 mandate_restriction
 match_candidate
 match_rule
 merge_log
 party
 payment_frequency
 portfolio
 portfolio_account
 portfolio_composite
 portfolio_target
 rating_scale
 record_version
 security_asset_class
 security_asset_class_routing
 security_ca_linkage
 security_change_request
 security_exception
 security_feed_health
 security_feed_schedule
 security_field_mapping
 security_field_transform
 security_golden_distribution
 security_golden_field
 security_golden_publication
 security_golden_record
 security_identifier_authority
 security_identifier_conflict
 security_identifier_issuance
 security_match_candidate
 security_match_rule
 security_merge_log
 security_reconciliation
 security_reconciliation_result
 security_source_priority
 security_split_log
 security_status_authority
 security_steward
 security_survivorship_log
 security_survivorship_rule
 security_term_extraction_field
 security_term_extraction_job
 security_term_sheet
 security_type
 security_type_mapping
 source_system
 steward
 survivorship_rule
 xref
(83 rows)

Time: 42.122 ms
=== 0.5.8 crims.mdm tables grouped by prefix ===
     prefix     | tables 
----------------+--------
 security       |     32
 issuer         |     20
 portfolio      |      4
 dq             |      3
 attribute      |      2
 classification |      2
 hierarchy      |      2
 mandate        |      2
 match          |      2
 audit          |      1
 business       |      1
 change         |      1
 day            |      1
 entity         |      1
 merge          |      1
 party          |      1
 payment        |      1
 rating         |      1
 record         |      1
 source         |      1
 steward        |      1
 survivorship   |      1
 xref           |      1
(23 rows)

Time: 35.740 ms
=== 0.5.9 crims.cash_flow inventory ===
 table_name 
------------
 settlement
(1 row)

Time: 16.637 ms
=== 0.5.10 crims.ref inventory ===
 table_name 
------------
(0 rows)

Time: 14.496 ms
=== 0.5.11 crims.vend inventory ===
 table_name 
------------
(0 rows)

Time: 15.089 ms
=== 0.5.12 crims.wlth inventory ===
 table_name 
------------
(0 rows)

Time: 16.952 ms
=== 0.5.13 crims.orm inventory ===
        table_name         
---------------------------
 account
 allocation
 benchmark
 benchmark_component
 broker
 commodity_detail
 corporate_action
 currency
 derivative_detail
 derivative_leg
 distribution
 equity_detail
 exchange_calendar
 execution
 execution_allocation
 fee_accrual
 fee_schedule
 fix_alert
 fix_message
 fix_message_default
 fix_session
 fixed_income_amortization
 fixed_income_analytics
 fixed_income_detail
 fixed_income_legal
 fixed_income_payment
 fixed_income_rating
 fixed_income_schedule
 fund
 fund_benchmark
 fund_calendar
 fund_nav
 fund_order
 fund_order_settlement
 fund_share_class
 fx_forward_detail
 fx_rate
 fx_swap_detail
 issuer
 issuer_address
 issuer_classification
 issuer_group
 issuer_group_member
 issuer_hierarchy
 issuer_hierarchy_closure
 issuer_identifier
 issuer_officer
 issuer_ownership
 issuer_rating
 issuer_regulatory
 issuer_relationship
 issuer_status_event
 issuer_successor
 market
 market_data_curve
 message_log
 message_log_default
 migration_log
 money_market_detail
 order
 order_allocation
 placement
 position
 private_capital_detail
 real_estate_detail
 rule
 sector_classification
 security
 security_basket
 security_basket_component
 security_classification
 security_identifier
 security_listing
 security_obligor
 security_pricing_source
 security_rating
 security_relationship
 security_status_event
 shareholder_register
 structured_detail
(80 rows)

Time: 14.985 ms
=== 0.5.14 crims.public inventory (collision check for fabric) ===
          table_name           
-------------------------------
 ac_barra
 asof_exclusion_tables
 asof_query_tables
 asof_snapshot_strategy
 asof_snapshots
 cm_request
 cm_request_audit
 cm_request_param
 cm_request_param_audit
 cm_request_type
 cm_request_type_audit
 cm_request_type_param
 cm_request_type_param_audit
 crd_asm_diskgroup
 crd_dba_data_files
 crd_dba_locks
 crd_dba_objects
 crd_id
 crd_vdatabase
 crd_vlock
 crd_vlocked_object
 crd_vsession
 crd_vsql
 cs_broker
 cs_broker_contact
 cs_broker_inv_class
 cs_broker_list
 cs_broker_list_group
 cs_broker_list_member
 cs_broker_security
 cs_bucket_cover
 cs_bucket_member_deleted
 cs_bucket_member_v2
 cs_cache
 cs_collat_elect_rule_param
 cs_collateral_instr
 cs_collateral_instr_det
 cs_collateral_msg_in
 cs_column
 cs_column_grp
 cs_column_grp_prop
 cs_column_list
 cs_column_list_member
 cs_contact
 cs_data_message_log
 cs_diag_test_history
 cs_dict_columns_prev
 cs_dict_discrepancies
 cs_dict_procedures
 cs_dict_tables
 cs_dict_tables_audit
 cs_dict_tables_prev
 cs_dict_types
 cs_frozen_position
 cs_fund
 cs_fund_assignment_rule
 cs_fund_broker
 cs_fund_categ_target
 cs_fund_config
 cs_fund_contact
 cs_fund_descendant
 cs_fund_hist
 cs_fund_override_currency
 cs_fund_override_exchange
 cs_fund_override_inv_class
 cs_fund_override_issuer
 cs_fund_override_list
 cs_fund_override_sec_list
 cs_fund_override_sec_type
 cs_fund_override_security
 cs_fund_performance
 cs_fund_restriction
 cs_fund_role
 cs_fund_role_audit
 cs_fund_rule
 cs_fund_rule_template
 cs_fund_test
 cs_fund_test_history
 cs_fund_user
 cs_gsd_filing_boilerplate
 cs_gsd_filing_template
 cs_gsd_template_field
 cs_inv_dec_maker_rule
 cs_message
 cs_message_log
 cs_message_log_detail
 cs_parameter_lookup
 cs_parameter_type
 cs_parameter_value_list
 cs_position
 cs_position_deleted
 cs_process_status
 cs_rank_result
 cs_related_position
 cs_schedule
 cs_schedule_rule
 cs_security_attribute_list
 cs_settle_inst
 cs_subtest
 cs_subtest_history
 cs_test_calc
 cs_test_due_date_rule
 cs_test_feeder
 cs_test_group_privilege
 cs_test_gsd_filing_template
 cs_test_history
 cs_test_ranking_def
 cs_test_v2
 cs_user_list
 cs_versions
 cs_view
 cs_view_column
 cs_view_column_property
 cs_view_group
 cs_view_property
 cs_view_type
 cs_view_type_col_grp
 cs_view_type_col_prop
 cs_view_type_col_req
 cs_view_type_column
 cs_view_type_determ_prop
 cs_view_type_property
 cs_violation_order
 cs_violation_v2
 csm_acct_feed
 csm_bond_definition
 csm_category_list_user
 csm_code_relship
 csm_code_table
 csm_collateral
 csm_collateral_detail
 csm_corp_act
 csm_country
 csm_country_currency
 csm_country_region
 csm_crd_prepayment_param
 csm_crd_prepayment_segment
 csm_crrncy_list_crrncy
 csm_crrncy_pair
 csm_currency
 csm_currency_cash_security
 csm_currency_list
 csm_currency_list_group
 csm_exchange
 csm_exchange_list
 csm_exchange_list_group
 csm_exchange_list_member
 csm_fut_exch_aggr
 csm_fut_exch_limit
 csm_fut_exch_product
 csm_fut_exch_spot_rule
 csm_industry
 csm_industry_class
 csm_industry_list
 csm_industry_list_group
 csm_industry_list_member
 csm_investment_class
 csm_issuer
 csm_issuer_acct
 csm_issuer_country
 csm_issuer_industry
 csm_issuer_list
 csm_issuer_list_group
 csm_issuer_rating
 csm_issuer_reg_code
 csm_issuer_reg_id
 csm_issuer_restr
 csm_krd_set
 csm_krd_set_tenor
 csm_loan_contract
 csm_margin_history
 csm_mkt_maker
 csm_mort_sec_type_xref
 csm_mort_settle_date
 csm_mort_siac_data
 csm_parameter
 csm_parameter_val
 csm_probdef_curve
 csm_probdef_detail
 csm_provider
 csm_provider_service
 csm_put_call
 csm_rater_rating
 csm_rating_source
 csm_region
 csm_region_group
 csm_region_list
 csm_region_list_group
 csm_region_list_member
 csm_sdm_gcc_hist
 csm_sdm_rule
 csm_sdm_rule_detail
 csm_sdm_rule_service
 csm_sdm_run_detail
 csm_sdm_validation_hist
 csm_sdm_validation_result
 csm_sec_optn_exer_sched
 csm_sec_typ_inv_class
 csm_sec_type_currency
 csm_sec_type_exch
 csm_security
 csm_security_list
 csm_security_list_group
 csm_security_process_audit
 csm_security_setup
 csm_security_type
 csm_service_security
 csm_service_security_cust
 csm_short_rate_model
 csm_short_rate_model_param
 csm_short_rate_sim
 csm_short_rate_sim_path
 csm_state
 csm_state_list
 csm_state_list_group
 csm_state_list_member
 csm_time_zones
 csm_translation
 csm_translation_column
 csm_translation_type
 csm_underlying_security
 csm_yield_curve
 csm_yield_curve_detail
 csm_yield_curve_rtapi_det
 csm_yield_curve_shift
 csm_yield_curve_shift_detail
 dg_acct1
 dg_sec1
 dgpos1
 dtproperties
 dual
 epn_detail
 epn_detail_error
 epn_detail_omnibus
 epn_header
 epn_sequence_gap
 epn_sequence_number
 epn_tran_log
 fi_barra
 fi_credtdelta
 fi_ftse
 fi_jpm
 fi_lehman
 fi_merrill
 fi_salomon
 fix_alert
 fix_alert_hist
 fix_broker_column_param
 fix_broker_condition
 fix_broker_param
 fix_engine
 fix_incoming_hist
 fix_ioi
 fix_ioi_hist
 fix_msg
 fix_msg_detail
 fix_order
 fix_order_hist
 fix_order_recv
 fix_order_recv_hist
 fix_order_relship
 fix_order_relship_hist
 fix_order_resp
 fix_order_resp_hist
 fix_outgoing
 fix_outgoing_hist
 fix_server
 fix_tag
 imp_feed
 imp_feed_column
 imp_feed_table
 lucasacct1
 lucasacct2
 lucasacct_vendor
 lucaspos1
 lucaspos2
 lucaspos3
 lucaspos_vendor
 lucaspos_vendor2
 lucassec1
 lucassec2
 lucassec3
 lucassec_vendor
 mwb_account
 mwb_account_clear
 mwb_fx_rate_ctmp
 mwb_fx_rate_ctmp_clear
 mwb_grp_ctmp
 mwb_grp_ctmp_clear
 mwb_order
 mwb_order_clear
 mwb_po_ctmp
 mwb_po_ctmp_clear
 mwb_po_tmp
 mwb_ref_order
 mwb_ref_order_clear
 mwb_scenario_allocs
 mwb_scenario_allocs_clear
 mwb_unit_trust
 mwb_unit_trust_clear
 mwbut_account
 mwbut_position
 mwbut_security
 mwbut_security2
 my_sec_data3
 ofextcomponentconf
 ofgroup
 ofgroupprop
 ofgroupuser
 ofid
 ofmucaffiliation
 ofmucconversationlog
 ofmucmember
 ofmucroom
 ofmucroomprop
 ofmucservice
 ofmucserviceprop
 ofoffline
 ofpresence
 ofprivacylist
 ofprivate
 ofproperty
 ofpubsubaffiliation
 ofpubsubdefaultconf
 ofpubsubitem
 ofpubsubnode
 ofpubsubnodegroups
 ofpubsubnodejids
 ofpubsubsubscription
 ofremoteserverconf
 ofroster
 ofsaslauthorized
 ofsecurityauditlog
 ofuser
 ofuserflag
 ofuserprop
 ofvcard
 ofversion
 pbcatcol
 pbcatedt
 pbcatfmt
 pbcattbl
 pbcatvld
 pdf_action
 pdf_alert
 pdf_alert_order
 pdf_alert_security
 pdf_anywhere_space
 pdf_attachment
 pdf_authorization
 pdf_authorization_audit
 pdf_authorization_ui
 pdf_authorization_ui_join
 pdf_broadcast_query
 pdf_chart
 pdf_class
 pdf_client_table
 pdf_cluster_member
 pdf_command_log
 pdf_connection
 pdf_ctm_datawindow
 pdf_ctm_window
 pdf_dm_entity
 pdf_dm_hist
 pdf_dm_profile
 pdf_group
 pdf_ha_state
 pdf_license
 pdf_mbean_config
 pdf_navigation
 pdf_parameter_categ
 pdf_perf_log
 pdf_query
 pdf_recorder_dml_info
 pdf_refdata_change
 pdf_refdata_change_values
 pdf_refdata_hist
 pdf_report
 pdf_report_column
 pdf_report_group
 pdf_report_prompt
 pdf_report_prompt_property
 pdf_resource
 pdf_result_set
 pdf_result_set_category
 pdf_result_set_group
 pdf_role
 pdf_role_authorization
 pdf_scheduled_rpt
 pdf_scheduled_rpt_acct
 pdf_scheduled_rpt_recipient
 pdf_scheduled_rpt_result
 pdf_scheduled_rpt_result_attr
 pdf_scheduled_rpt_setting
 pdf_service_connect_info
 pdf_state_machine_edge
 pdf_timeframe
 pdf_udf_config
 pdf_udf_config_char_detail
 pdf_unified_print_info
 pdf_unified_print_macro
 pdf_upgrade_hist
 pdf_upgrade_script
 pdf_usage_info
 pdf_user
 pdf_user_action
 pdf_user_activity_log
 pdf_user_group
 pdf_user_icon
 pdf_user_preference
 pdf_user_resource
 phil_column_map
 pma_blended_benchmark
 pma_blended_return
 pma_bucket
 pma_categ_benchmark_detail
 pma_composite
 pma_composite_disclosure
 pma_composite_member
 pma_covariance
 pma_disclosure
 pma_export_profile
 pma_factor
 pma_factor_group
 pma_factor_loading
 pma_factor_model
 pma_factor_model_coeff
 pma_factor_return
 pma_fxrate
 pma_hist_security_return
 pma_historical_seg
 pma_mgt_fee_acct
 pma_mgt_fee_aum
 pma_mgt_fees
 pma_monthly_return_rate
 pma_optimizer_profile
 pma_position
 pma_return
 pma_rf_rate
 pma_risk_measure
 pma_risk_measure_fund
 pma_risk_measure_fund_value
 pma_security_return
 pma_transaction
 pma_transaction_type
 ps_corp_action_acct
 ps_corp_action_def
 ps_corp_action_impact_detail
 ps_corp_action_opt_detail
 ps_corp_action_opt_election
 ps_corp_action_option
 ps_corp_action_stnd_election
 ps_position
 ps_position_history
 ps_position_snapshot
 ps_proc_action
 ps_proc_action_ca_detail
 ps_proc_action_param
 ps_recon_acct
 ps_recon_field
 ps_recon_position
 ps_recon_record
 ps_recon_run
 ps_recon_tax_lot
 ps_recon_tax_lot_transaction
 ps_recon_transaction
 ps_tax_lot
 ps_tax_lot_recon_member
 ps_tax_lot_snapshot
 ps_tax_lot_transaction
 ps_tax_lot_txn_recon_field
 ps_tax_lot_txn_recon_record
 ps_transaction
 ps_txn_recon_field
 ps_txn_recon_member
 ps_txn_recon_record
 query_table
 rtapi_content_type
 rtapi_provider_parameter
 rtapi_provider_rqst_type
 rtapi_rqst_type
 sa_eod_scenario_config
 sa_eod_scenario_config_fund
 sa_eod_scenario_config_result
 sa_eod_scenario_parameters
 sa_eod_scenario_result
 sa_factor_shift
 sa_scenario
 sa_scenario_group_scenario
 sched_blob_triggers
 sched_cron_triggers
 sched_job_listeners
 sched_simple_triggers
 sched_trigger_listeners
 sched_triggers
 swift_incoming
 swift_message
 swift_message_history
 swift_outgoing
 swift_party_param
 sysdiagrams
 ts_aam_node_hist
 ts_bond_tick
 ts_bond_tick_summary
 ts_broker_alloc_settinst
 ts_broker_alloc_supp_detail
 ts_broker_order_settinst
 ts_broker_rule
 ts_broker_rule_value
 ts_broker_settle_alloc
 ts_cash_forecast_ext
 ts_cash_mgmt_category
 ts_cash_mgmt_default
 ts_chart_column
 ts_chart_column_property
 ts_chart_group
 ts_chart_property
 ts_commission_default
 ts_commission_fee
 ts_commission_fee_value
 ts_commission_target
 ts_crossing_restrictions
 ts_currency_hedge_pct
 ts_def_trader
 ts_determ
 ts_determ_alloc_param
 ts_determ_entity_param
 ts_determ_probdef_curve
 ts_determ_property
 ts_determ_value
 ts_determ_yield_curve
 ts_dlr_invntry
 ts_dlr_invntry_access
 ts_exch_calendar
 ts_exec_analysis_config
 ts_exec_analysis_options
 ts_exec_analysis_result
 ts_exec_rule_list_member
 ts_exp_def_detail
 ts_exp_def_sql
 ts_exp_def_translate
 ts_fill
 ts_fund_cash_flow_smmry
 ts_fund_filter
 ts_fund_filter_expr
 ts_fund_filter_lookup
 ts_fund_settinst
 ts_fund_subscr_rqst
 ts_group_filter
 ts_locate
 ts_mdl_node_fund
 ts_mdl_node_fund_history
 ts_mdl_tree_node
 ts_model_deviation
 ts_model_deviation_stg
 ts_model_deviation_summary
 ts_model_hist
 ts_model_history
 ts_model_node
 ts_model_rule
 ts_model_rule_hist
 ts_model_rule_security
 ts_model_rule_security_hist
 ts_model_tag
 ts_mort_sell_filter
 ts_mort_sell_filter_crit
 ts_mort_sell_position
 ts_mwb_desktop
 ts_mwb_profile
 ts_order
 ts_order_alloc
 ts_order_alloc_config
 ts_order_alloc_param
 ts_order_alloc_rotation
 ts_order_alloc_settinst
 ts_order_alloc_supp_detail
 ts_order_broker
 ts_order_broker_ticket
 ts_order_code
 ts_order_config
 ts_order_exec_rule
 ts_order_exec_rule_group
 ts_order_fund
 ts_order_gen
 ts_order_gen_acct_detail
 ts_order_gen_deviation
 ts_order_gen_effect
 ts_order_gen_hist
 ts_order_gen_hist_acct_det
 ts_order_gen_hist_sec_det
 ts_order_gen_job_schedule
 ts_order_gen_model_hist
 ts_order_gen_optimizer_hist
 ts_order_gen_request
 ts_order_gen_request_hist
 ts_order_gen_run
 ts_order_gen_save_hist
 ts_order_history
 ts_order_industry
 ts_order_industry_class
 ts_order_issuer
 ts_order_issuer_rating
 ts_order_put_call
 ts_order_rating_source
 ts_order_sec_typ_inv_class
 ts_order_security
 ts_order_security_industry
 ts_order_security_party
 ts_order_security_rating
 ts_order_suppinfo
 ts_order_suppinfo_member
 ts_order_suppinfo_value
 ts_order_underlying_security
 ts_order_user
 ts_package
 ts_package_item
 ts_placement_block
 ts_pos_crtb_rpt
 ts_profile
 ts_profile_group
 ts_profile_property
 ts_prog_mgr
 ts_reg_report_trd
 ts_routing_def
 ts_rpt_profile
 ts_rpt_profile_col
 ts_rpt_profile_other
 ts_scenario
 ts_settle_default
 ts_strategy
 ts_strategy_server
 ts_strategy_version
 ts_swap_term_default
 ts_tax_lot_alloc_effect
 ts_template_list
 ts_trans_type
 ts_user_rpt_profile
 ts_userpreference
 ts_venue_route
 ts_venue_route_param
 ts_vmu_action
 ts_vmu_data
 ts_vmu_property
 ts_vmu_value
 wf_action
 wf_action_property
 wf_event
 wf_event_action
 wf_event_state
 wf_event_state_v2
 wf_party_contact
 wf_rule
 wf_rule_action_value
 wh_incoming
(654 rows)

Time: 31.544 ms
=== 0.5.15 CRITICAL: collision surface ===
 incoming_table |  status  
----------------+----------
 party          | COLLIDES
 rating_scale   | COLLIDES
(2 rows)

Time: 15.264 ms
