=== 0.5.16 alpha.edm full table list (72 tables) ===
           table_name            
---------------------------------
 async_jobs
 benchmark_master
 bp_team_instance_roles
 cash_balance_master
 cash_flow_trace
 cash_gold_trace
 cash_ledger
 cash_position_master
 compliance_breach
 compliance_evaluation
 compliance_lineage
 compliance_rule
 compliance_rule_master
 curve_master
 derivative_attributes
 dq_rules
 effective_permissions_artifacts
 equity_attributes
 etl_run
 exception_history
 fixed_income_attributes
 fund_attributes
 fx_rate_master
 gold_copy_lineage
 issuer_master
 job_exports
 job_items
 mandate_master
 mdm_calendar_golden
 mdm_calendar_lineage
 mdm_calendar_source
 mdm_ingestion_jobs
 mdm_source_registry
 mdm_stewardship_queue
 mdm_survivorship_policies
 performance_settings
 portfolio_golden
 portfolio_hierarchy
 portfolio_master
 portfolio_risk
 portfolio_source
 position_gold_trace
 position_lot_master
 position_master
 position_snapshot_master
 preference_versions
 price_gold_trace
 price_master
 quality_results
 quality_rules
 risk_factor
 risk_scenario
 risk_scenario_result
 rule_lineage
 scenario_lineage
 scheduled_job_runs
 scheduled_jobs
 security_factor_exposure
 security_gold_trace
 security_master
 source_analytics
 source_exceptions
 source_preferences
 source_registry
 strategy_master
 survivorship_rules
 transaction_cash_mapping
 transaction_flow_trace
 transaction_gold_trace
 transaction_master
 vol_surface_master
 wasm_module_version
(72 rows)

=== 0.5.17 alpha.edm tables grouped by prefix ===
    prefix    | tables 
--------------+--------
 mdm          |      7
 cash         |      5
 compliance   |      5
 portfolio    |      5
 position     |      4
 source       |      4
 transaction  |      4
 risk         |      3
 security     |      3
 job          |      2
 price        |      2
 quality      |      2
 scheduled    |      2
 async        |      1
 benchmark    |      1
 bp           |      1
 curve        |      1
 derivative   |      1
 dq           |      1
 effective    |      1
 equity       |      1
 etl          |      1
 exception    |      1
 fixed        |      1
 fund         |      1
 fx           |      1
 gold         |      1
 issuer       |      1
 mandate      |      1
 performance  |      1
 preference   |      1
 rule         |      1
 scenario     |      1
 strategy     |      1
 survivorship |      1
 vol          |      1
 wasm         |      1
(37 rows)

