           table_name           
--------------------------------
 attribute_def
 attribute_value
 audit_log
 business_day_convention
 change_request
 classification_scheme
 classification_scheme_map
 day_count_convention
 dq_issue
 dq_rule
 dq_score
 entity_relationship
 hierarchy
 hierarchy_closure
 issuer_change_request
 issuer_exception
 issuer_field_mapping
 issuer_golden_distribution
 issuer_golden_field
 issuer_golden_publication
 issuer_golden_record
 issuer_hierarchy_review
 issuer_hierarchy_rule
 issuer_identifier_authority
 issuer_match_candidate
 issuer_match_rule
 issuer_merge_log
 issuer_reconciliation
 issuer_reconciliation_result
 issuer_split_log
 issuer_steward
 issuer_survivorship_log
 issuer_survivorship_rule
 issuer_type_mapping
 mandate
 mandate_restriction
 match_candidate
 match_rule
 merge_log
 party
 payment_frequency
 portfolio
 portfolio_account
 portfolio_composite
 portfolio_target
 rating_scale
 record_version
 security_asset_class
 security_asset_class_routing
 security_ca_linkage
 security_change_request
 security_exception
 security_feed_health
 security_feed_schedule
 security_field_mapping
 security_field_transform
 security_golden_distribution
 security_golden_field
 security_golden_publication
 security_golden_record
 security_identifier_authority
 security_identifier_conflict
 security_identifier_issuance
 security_match_candidate
 security_match_rule
 security_merge_log
 security_reconciliation
 security_reconciliation_result
 security_source_priority
 security_split_log
 security_status_authority
 security_steward
 security_survivorship_log
 security_survivorship_rule
 security_term_extraction_field
 security_term_extraction_job
 security_term_sheet
 security_type
 security_type_mapping
 source_system
 steward
 survivorship_rule
 xref
(83 rows)

 tables | ref_tables | public_tables | orm_tables 
--------+------------+---------------+------------
     83 |          0 |           654 |         80
(1 row)

  nspname  | base_tables 
-----------+-------------
 cash_flow |           1
 mdm       |          83
 orm       |          78
 public    |         654
 ref       |           0
 vend      |           0
 wlth      |           0
(7 rows)

